[cercle-genealogique.fr/index.html]
[backblue.gif]
[fade.gif]
[index.html]
[cercle-genealogique.fr/wp-content/uploads/fusion-styles/1673b4608ffa20bb75d7f281552a0b1d.minb5ca.css]
[cercle-genealogique.fr/wp-content/plugins/google-analytics-dashboard-for-wp/assets/js/frontend-gtag.min872f.js]
[cercle-genealogique.fr/wp-content/plugins/google-analytics-for-wordpress/assets/js/frontend-gtag.minbcd5.js]
[cercle-genealogique.fr/wp-includes/js/jquery/jquery.minf43b.js]
[cercle-genealogique.fr/wp-includes/js/jquery/jquery-migrate.min5589.js]
[cercle-genealogique.fr/feed/index.html]
[cercle-genealogique.fr/comments/feed/index.html]
[cercle-genealogique.fr/accueil/feed/index.html]
[cercle-genealogique.fr/wp-json/wp/v2/pages/40.json]
[cercle-genealogique.fr/wp-json/index.html]
[cercle-genealogique.fr/xmlrpc0db0.php]
[cercle-genealogique.fr/wp-json/oembed/1.0/embedbc47.json]
[cercle-genealogique.fr/wp-json/oembed/1.0/embed98cf]
[cercle-genealogique.fr/wp-content/uploads/2018/03/cropped-Logo-CGPTT-2018-e1519940776755-32x32.png]
[cercle-genealogique.fr/wp-content/uploads/2018/03/cropped-Logo-CGPTT-2018-e1519940776755-192x192.png]
[cercle-genealogique.fr/wp-content/uploads/2018/03/cropped-Logo-CGPTT-2018-e1519940776755-180x180.png]
[cercle-genealogique.fr/wp-content/uploads/2018/03/Logo-CGPTT-2018-reduit.jpg]
[cercle-genealogique.fr/wp-content/uploads/2015/06/cercle-genealogique-bg-00.jpg]
[cercle-genealogique.fr/association/notre-histoire/index.html]
[cercle-genealogique.fr/association/index.html]
[cercle-genealogique.fr/association/notre-offre-notre-reseau/index.html]
[cercle-genealogique.fr/association/nous-rejoindre/index.html]
[cercle-genealogique.fr/association/notre-conseil-administration/index.html]
[cercle-genealogique.fr/association/statuts-reglement-interieur/index.html]
[cercle-genealogique.fr/revue-nos-sources-2/index.html]
[cercle-genealogique.fr/genealogies-et-chroniques/index.html]
[cercle-genealogique.fr/genealogies-et-chroniques/genealogies/index.html]
[cercle-genealogique.fr/wp-content/uploads/2023/09/affiche-salon-genealogie-Paris-marie-du-15eme-2024-177x142.jpg]
[cercle-genealogique.fr/wp-content/uploads/2024/01/bulletin-165-couverture-177x142.jpg]
[cercle-genealogique.fr/wp-content/uploads/2023/09/salon-genealogie-Perigord-2023-177x142.jpg]
[cercle-genealogique.fr/genealogies-et-chroniques/chroniques-familiales/index.html]
[cercle-genealogique.fr/genealogies-et-chroniques/dosssiers-de-personnel-des-postiers/index.html]
[cercle-genealogique.fr/genealogies-et-chroniques/cousinades/index.html]
[cercle-genealogique.fr/wp-content/uploads/2023/09/forum-asso-paris-15-2023-177x142.jpg]
[cercle-genealogique.fr/wp-content/uploads/2021/09/Timbre-Ecole-des-Chartes-177x142.jpg]
[cercle-genealogique.fr/wp-content/uploads/2024/01/n°270-la-revue-francaise-de-genealogie-177x142.jpg]
[cercle-genealogique.fr/wp-content/uploads/2023/09/semaine-genealogie-2023-FFG-177x142.jpg]
[cercle-genealogique.fr/genealogies-et-chroniques/ouvrages-et-publications-de-nos-adherents/index.html]
[cercle-genealogique.fr/wp-content/uploads/2020/09/Livre-Nicole-Mauger-image-compressée-177x142.jpg]
[cercle-genealogique.fr/liens/index.html]
[cercle-genealogique.fr/wp-content/uploads/2017/01/logo-archives-nationales-177x82.png]
[cercle-genealogique.fr/contact/index.html]
[cercle-genealogique.fr/author/adminqb41dx79/index.html]
[cercle-genealogique.fr/salon-de-genealogie-de-paris-mairie-15/index.html]
[cercle-genealogique.fr/author/michel_bablot/index.html]
[cercle-genealogique.fr/decouvrez-le-dernier-numero-de-la-revue/index.html]
[cercle-genealogique.fr/salon-de-genealogie-du-perigord-noir-dimanche-17-septembre-2023/index.html]
[cercle-genealogique.fr/forum-des-associations-paris-mairie-du-15eme/index.html]
[cercle-genealogique.fr/actualites-du-cercle-genealogique/index.html]
[cercle-genealogique.fr/un-timbre-poste-pour-lanniversaire-de-la-creation-de-lecole-des-chartes/index.html]
[cercle-genealogique.fr/semaine-genealogie-2023-ffg-archives-militaires-2/index.html]
[cercle-genealogique.fr/des-precisions-du-ministre-de-la-culture-et-de-la-communication-a-propos-du-site-de-fontainebleau-des-archives-nationales/index.html]
[cercle-genealogique.fr/semaine-genealogie-2023-ffg-archives-militaires/index.html]
[cercle-genealogique.fr/un-ouvrage-publie-au-quebec-par-nicole-mauger-les-vaugeois-frandeboeuf-de-la-bretagne-a-la-mauricie/index.html]
[cercle-genealogique.fr/actualites-genealogie/index.html]
[cercle-genealogique.fr/wp-content/uploads/2015/06/vign-bulletin-nos-sources-1.jpg]
[cercle-genealogique.fr/wp-content/uploads/2015/06/cercle-genealogique-img-blocs-chroniques-1.jpg]
[cercle-genealogique.fr/wp-content/uploads/2018/03/CGPTT-siège-13-rue-de-javael-Paris-réduit-225x300.jpg]
[cercle-genealogique.fr/wp-content/uploads/2015/06/bando-pompadour.jpg]
[cercle-genealogique.fr/wp-includes/css/dist/block-library/style.min84fc.css]
[cercle-genealogique.fr/wp-content/plugins/contact-form-7/includes/swv/js/index38d6.js]
[cercle-genealogique.fr/rechercher-un-bureau-de-poste/index.html]
[cercle-genealogique.fr/plan-de-site/index.html]
[cercle-genealogique.fr/wp-content/plugins/contact-form-7/includes/js/index38d6.js]
[cercle-genealogique.fr/mentions-legales/index.html]
[www.google.com/recaptcha/apid539.js]
[cercle-genealogique.fr/wp-includes/js/dist/vendor/wp-polyfill-inert.min0226.js]
[cercle-genealogique.fr/wp-includes/js/dist/vendor/regenerator-runtime.min6c85.js]
[cercle-genealogique.fr/wp-includes/js/dist/vendor/wp-polyfill.min2c7c.js]
[cercle-genealogique.fr/wp-content/plugins/contact-form-7/modules/recaptcha/index38d6.js]
[cercle-genealogique.fr/wp-content/uploads/fusion-scripts/da591a43d59fb4977774b6bc2399ecdf.minb5ca.js]
[cercle-genealogique.fr/index.html]
[cercle-genealogique.fr/wp-content/uploads/2015/06/cercle-genealogique-img-00.jpg]
[cercle-genealogique.fr/wp-content/themes/Avada/assets/images/patterns/pattern1.png]
[cercle-genealogique.fr/wp-content/themes/Avada/assets/images/page_title_bg.png]
[cercle-genealogique.fr/wp-content/themes/Avada/includes/lib/assets/fonts/icomoon/awb-icons.woff]
[cercle-genealogique.fr/wp-content/themes/Avada/includes/lib/assets/fonts/icomoon/awb-icons.ttf]
[cercle-genealogique.fr/wp-content/themes/Avada/includes/lib/assets/fonts/fontawesome/webfonts/fa-brands-400.eot]
[cercle-genealogique.fr/wp-content/uploads/fusion-styles/1673b4608ffa20bb75d7f281552a0b1d.minb5ca.css]
[cercle-genealogique.fr/index600e.html]
[cercle-genealogique.fr/association/feed/index.html]
[cercle-genealogique.fr/wp-json/wp/v2/pages/10.json]
[cercle-genealogique.fr/wp-content/uploads/fusion-styles/e7bba2d6527c538ba50bae186341793b.minb5ca.css]
[cercle-genealogique.fr/wp-json/oembed/1.0/embed2f08.json]
[cercle-genealogique.fr/wp-content/uploads/2015/06/cercle-genealogique-img-association-1.jpg]
[cercle-genealogique.fr/wp-json/oembed/1.0/embed3d69]
[cercle-genealogique.fr/wp-content/uploads/2018/03/Logo-CGPTT-2018-300x300.png]
[cercle-genealogique.fr/wp-content/uploads/2015/05/cercle-genealogique-img-bloc-association-histoire.jpg]
[cercle-genealogique.fr/wp-content/uploads/2015/05/cercle-genealogique-img-bloc-association-conseil.jpg]
[cercle-genealogique.fr/wp-content/uploads/2015/05/cercle-genealogique-img-bloc-association-statuts.jpg]
[cercle-genealogique.fr/association/index.html]
[cercle-genealogique.fr/wp-content/uploads/fusion-scripts/a6d3e4d03ebdca430d2d378c726bef9e.minb5ca.js]
[cercle-genealogique.fr/wp-json/wp/v2/pages/1503.json]
[cercle-genealogique.fr/wp-content/uploads/fusion-styles/8868e179fe73d5defb5aae632b1df0f5.minb5ca.css]
[cercle-genealogique.fr/wp-json/oembed/1.0/embedcb3e.json]
[cercle-genealogique.fr/wp-json/oembed/1.0/embed607f]
[cercle-genealogique.fr/association/notre-offre-notre-reseau/index.html]
[cercle-genealogique.fr/wp-content/uploads/fusion-scripts/fa24f758c5a5a8d05db914b6a71da68c.minb5ca.js]
[cercle-genealogique.fr/wp-json/wp/v2/pages/1526.json]
[cercle-genealogique.fr/wp-json/oembed/1.0/embede52f.json]
[cercle-genealogique.fr/wp-json/oembed/1.0/embede9b5]
[cercle-genealogique.fr/association/notre-histoire/index.html]
[cercle-genealogique.fr/wp-content/uploads/fusion-scripts/5ac1126dcc76a6fabf14692658979e47.minb5ca.js]
[cercle-genealogique.fr/wp-json/wp/v2/pages/1490.json]
[cercle-genealogique.fr/wp-json/oembed/1.0/embedacdd.json]
[cercle-genealogique.fr/association/notre-conseil-administration/index.html]
[cercle-genealogique.fr/wp-json/oembed/1.0/embed75ec]
[cercle-genealogique.fr/wp-content/uploads/fusion-styles/af01ffe6f2f3e1245b3f7dc3ff54fb94.minb5ca.css]
[cercle-genealogique.fr/wp-json/wp/v2/pages/1509.json]
[cercle-genealogique.fr/wp-json/oembed/1.0/embed5f88.json]
[cercle-genealogique.fr/wp-content/uploads/2024/02/cercle-genealogique_statuts_reglement-interieur.pdf]
[cercle-genealogique.fr/wp-json/oembed/1.0/embed3b3b]
[cercle-genealogique.fr/association/statuts-reglement-interieur/index.html]
[cercle-genealogique.fr/wp-json/wp/v2/pages/1507.json]
[cercle-genealogique.fr/wp-content/uploads/fusion-scripts/1fcf8d6f7bc7ee8a9b6721fcafb8031e.minb5ca.js]
[cercle-genealogique.fr/wp-json/oembed/1.0/embed5b01.json]
[cercle-genealogique.fr/wp-content/uploads/2024/02/bulletin-dadhesion-CG-PTT.pdf]
[cercle-genealogique.fr/association/nous-rejoindre/index.html]
[cercle-genealogique.fr/wp-json/oembed/1.0/embed5c02]
[cercle-genealogique.fr/wp-json/wp/v2/pages/1971.json]
[cercle-genealogique.fr/wp-content/uploads/fusion-styles/1e48a6cd6ebe817ae807236e28370f0c.minb5ca.css]
[cercle-genealogique.fr/wp-json/oembed/1.0/embed9042.json]
[cercle-genealogique.fr/wp-json/oembed/1.0/embed01da]
[cercle-genealogique.fr/wp-content/uploads/2016/10/cercle-genealogique-img-revue-1.jpg]
[cercle-genealogique.fr/wp-content/uploads/2024/01/Nomination-SIMON-Leon-233x300.jpg]
[cercle-genealogique.fr/wp-content/uploads/2024/01/Ministre-Berard-Statue-300x190.jpg]
[cercle-genealogique.fr/wp-content/uploads/2024/01/Coulomb-Emile-feuille-de-carriere-300x242.jpg]
[cercle-genealogique.fr/wp-content/uploads/2024/01/Coulomb-Emile-feuille-de-carriere-detail-300x65.jpg]
[cercle-genealogique.fr/wp-content/uploads/2024/02/le-foyer-PTT-de-Cachan-1923-2023-Nos-sources-n°164-.pdf]
[cercle-genealogique.fr/wp-content/uploads/2024/01/Operatrices-du-central-Gutemberg-Paris-300x214.jpg]
[cercle-genealogique.fr/wp-content/uploads/2024/01/Central-Gutemberg-Paris-227x300.jpg]
[cercle-genealogique.fr/wp-content/uploads/2024/01/Vivin-Peinture-Musee-Angers-300x202.jpg]
[cercle-genealogique.fr/wp-content/uploads/2024/02/entreposeurs_de_depeches.pdf]
[cercle-genealogique.fr/wp-content/uploads/2024/02/Mes_recherches_en_GUADELOUPE.pdf]
[cercle-genealogique.fr/wp-content/uploads/2024/02/livre-telephone-vienne.doc]
[cercle-genealogique.fr/revue-nos-sources-2/index.html]
[cercle-genealogique.fr/genealogies-et-chroniques/feed/index.html]
[cercle-genealogique.fr/wp-json/wp/v2/pages/388.json]
[cercle-genealogique.fr/wp-json/oembed/1.0/embed1605.json]
[cercle-genealogique.fr/wp-content/uploads/fusion-styles/74acd1588c113bb1dc1e0e2e38f751f7.minb5ca.css]
[cercle-genealogique.fr/wp-json/oembed/1.0/embed01e2]
[cercle-genealogique.fr/wp-content/uploads/2016/10/cercle-genealogique-img-genealogies-chroniques.jpg]
[cercle-genealogique.fr/wp-content/uploads/2015/08/Fotolia_41991014_Subscription_Monthly_M.jpg]
[cercle-genealogique.fr/wp-content/uploads/2015/08/Fotolia_50721139_Subscription_Monthly_M.jpg]
[cercle-genealogique.fr/wp-content/uploads/2015/08/logo-ptt.jpg]
[cercle-genealogique.fr/wp-content/uploads/2015/08/Fotolia_112753610_Subscription_Monthly_M.jpg]
[cercle-genealogique.fr/wp-content/uploads/2015/08/Fotolia_111761598_Subscription_Monthly_M.jpg]
[cercle-genealogique.fr/genealogies-et-chroniques/index.html]
[cercle-genealogique.fr/wp-json/wp/v2/pages/1668.json]
[cercle-genealogique.fr/wp-json/oembed/1.0/embed82ec.json]
[cercle-genealogique.fr/wp-content/uploads/fusion-scripts/07c5f2cf0ab56d81f43deeabaf2dad76.minb5ca.js]
[cercle-genealogique.fr/genealogies-et-chroniques/genealogies/index.html]
[cercle-genealogique.fr/wp-json/oembed/1.0/embede37c]
[cercle-genealogique.fr/wp-json/wp/v2/pages/1671.json]
[cercle-genealogique.fr/wp-json/oembed/1.0/embed5478.json]
[cercle-genealogique.fr/wp-content/uploads/2016/10/concarneau-2-usine-sertissage-boites.jpg]
[cercle-genealogique.fr/wp-json/oembed/1.0/embed896f]
[cercle-genealogique.fr/wp-content/uploads/2024/02/un-ferblantier-de-yonne-a-concarneau-1.pdf]
[cercle-genealogique.fr/wp-content/uploads/2016/10/chronique-auto-famille-garnier-1936.jpg]
[cercle-genealogique.fr/wp-content/uploads/2024/02/chronique-auto-famille-garnier-1936.pdf]
[cercle-genealogique.fr/genealogies-et-chroniques/chroniques-familiales/index.html]
[cercle-genealogique.fr/genealogies-et-chroniques/dosssiers-de-personnel-des-postiers/feed/index.html]
[cercle-genealogique.fr/wp-json/wp/v2/pages/1673.json]
[cercle-genealogique.fr/wp-json/oembed/1.0/embed4825.json]
[cercle-genealogique.fr/wp-content/uploads/2017/05/Archives-nationales-site-Pierrefitte.jpg]
[cercle-genealogique.fr/wp-json/oembed/1.0/embed649e]
[cercle-genealogique.fr/wp-content/uploads/2018/02/web-image-pour-dossier-de-personnel-285x300.jpg]
[cercle-genealogique.fr/genealogies-et-chroniques/dosssiers-de-personnel-des-postiers/index.html]
[cercle-genealogique.fr/wp-content/uploads/fusion-scripts/0c83d206c9fb613f3c282cc2cc9f635b.minb5ca.js]
[cercle-genealogique.fr/wp-json/wp/v2/pages/1675.json]
[cercle-genealogique.fr/genealogies-et-chroniques/cousinades/feed/index.html]
[cercle-genealogique.fr/wp-json/oembed/1.0/embed4d7f.json]
[cercle-genealogique.fr/wp-json/oembed/1.0/embed1e54]
[cercle-genealogique.fr/genealogies-et-chroniques/cousinades/index.html]
[cercle-genealogique.fr/wp-json/wp/v2/pages/1678.json]
[cercle-genealogique.fr/wp-content/uploads/fusion-scripts/f979af010bb65e8ca39ca23da0fcc134.minb5ca.js]
[cercle-genealogique.fr/genealogies-et-chroniques/ouvrages-et-publications-de-nos-adherents/feed/index.html]
[cercle-genealogique.fr/wp-json/oembed/1.0/embed4f3f.json]
[cercle-genealogique.fr/wp-content/uploads/2020/09/Livre-Nicole-Mauger-image-compressée-199x300.jpg]
[cercle-genealogique.fr/wp-json/oembed/1.0/embed22b4]
[cercle-genealogique.fr/wp-content/uploads/2016/10/couv_lesdebutsdutelephone.jpg]
[cercle-genealogique.fr/wp-content/uploads/2016/10/couverture-ouvrage-andre-bornier.jpg]
[cercle-genealogique.fr/wp-content/uploads/2024/02/ouvrage-andre-bornier.doc]
[cercle-genealogique.fr/genealogies-et-chroniques/ouvrages-et-publications-de-nos-adherents/index.html]
[cercle-genealogique.fr/wp-json/wp/v2/pages/609.json]
[cercle-genealogique.fr/wp-content/uploads/fusion-styles/97e072e5430030ff01c9d1857d308594.minb5ca.css]
[cercle-genealogique.fr/wp-json/oembed/1.0/embedff57.json]
[cercle-genealogique.fr/wp-content/uploads/2016/10/cercle-genealogique-img-liens.jpg]
[cercle-genealogique.fr/wp-json/oembed/1.0/embedf594]
[cercle-genealogique.fr/liens/index.html]
[cercle-genealogique.fr/wp-json/wp/v2/pages/847.json]
[cercle-genealogique.fr/wp-content/uploads/fusion-scripts/a0bdfb38c0a50f8655e4f73db2cb08f2.minb5ca.js]
[cercle-genealogique.fr/wp-json/oembed/1.0/embed4d47.json]
[cercle-genealogique.fr/wp-json/oembed/1.0/embeded14]
[cercle-genealogique.fr/wp-content/themes/Avada/includes/lib/assets/min/js/library/infobox_packedb5ca.js]
[cercle-genealogique.fr/wp-content/plugins/akismet/_inc/akismet-frontende632.js]
[cercle-genealogique.fr/contact/index.html]
[cercle-genealogique.fr/wp-content/uploads/fusion-scripts/396ab292cb820f7e7c63637dc5a2f65d.minb5ca.js]
[cercle-genealogique.fr/wp-content/uploads/fusion-styles/c9993cfdbcd7c9fac1fe71156c5f0a2a.minb5ca.css]
[cercle-genealogique.fr/author/adminqb41dx79/feed/index.html]
[cercle-genealogique.fr/author/adminqb41dx79/index.html]
[cercle-genealogique.fr/les-reunions-du-cgptt-en-province-et-a-paris/index.html]
[cercle-genealogique.fr/http_/cercle-genealogique.fr/wp-content/uploads/2015/06/cercle-genealogique-img-actu-cercle.html]
[cercle-genealogique.fr/xxive-salon-et-congres-national-de-genealogie-le-havre-2017-8-9-et-10-septembre-2017/index.html]
[cercle-genealogique.fr/la-grande-collecte-afrique-france-xixe-et-xxe/index.html]
[cercle-genealogique.fr/wp-content/uploads/fusion-scripts/8d1cc40d66386e6befe19b085b73957f.minb5ca.js]
[cercle-genealogique.fr/wp-content/uploads/fusion-styles/95621962403bc8e8222128f2c56ac383.minb5ca.css]
[cercle-genealogique.fr/salon-de-genealogie-de-paris-mairie-15/feed/index.html]
[cercle-genealogique.fr/wp-json/wp/v2/posts/2034.json]
[cercle-genealogique.fr/wp-json/oembed/1.0/embedd413.json]
[cercle-genealogique.fr/wp-content/uploads/2023/01/Salon-Paris-XV-Affiche-2023-215x300.jpg]
[cercle-genealogique.fr/wp-content/uploads/2019/01/IMG_0997-225x300.jpg]
[cercle-genealogique.fr/wp-json/oembed/1.0/embed8c9b]
[cercle-genealogique.fr/wp-login.html]
[cercle-genealogique.fr/category/actualites-cercle/index.html]
[cercle-genealogique.fr/category/archives/index.html]
[cercle-genealogique.fr/salon-de-genealogie-de-paris-mairie-15/index.html]
[cercle-genealogique.fr/category/non-classe/index.html]
[cercle-genealogique.fr/2024/01/index.html]
[cercle-genealogique.fr/wp-content/uploads/fusion-scripts/21b5c87282f23608cd5c9a876ec6651a.minb5ca.js]
[cercle-genealogique.fr/2023/09/index.html]
[cercle-genealogique.fr/category/actualites-genealogie/index.html]
[cercle-genealogique.fr/2021/09/index.html]
[cercle-genealogique.fr/2020/03/index.html]
[cercle-genealogique.fr/author/michel_bablot/index.html]
[cercle-genealogique.fr/2020/09/index.html]
[cercle-genealogique.fr/2020/02/index.html]
[cercle-genealogique.fr/2019/01/index.html]
[cercle-genealogique.fr/2016/10/index.html]
[cercle-genealogique.fr/2017/01/index.html]
[cercle-genealogique.fr/2018/02/index.html]
[cercle-genealogique.fr/wp-json/wp/v2/posts/2385.json]
[cercle-genealogique.fr/author/michel_bablot/feed/index.html]
[cercle-genealogique.fr/author/michel_bablot/page/2/index.html]
[cercle-genealogique.fr/wp-json/oembed/1.0/embeddfca.json]
[cercle-genealogique.fr/livre-les-postiers-morts-pour-la-france-pendant-le-guerre-1914-1918/index.html]
[cercle-genealogique.fr/le-cercle-genealogique-ptt-participe-au-salon-virtuel-de-genealogie-geneaevent/index.html]
[cercle-genealogique.fr/decouvrez-le-dernier-numero-de-la-revue/feed/index.html]
[cercle-genealogique.fr/decouvrez-le-dernier-numero-de-la-revue/index.html]
[cercle-genealogique.fr/wp-json/oembed/1.0/embedd57d]
[cercle-genealogique.fr/salon-de-genealogie-du-perigord-noir-dimanche-17-septembre-2023/feed/index.html]
[cercle-genealogique.fr/wp-content/uploads/fusion-styles/0cd8ec3b4a0335cb925d4fcdaef3b2d2.minb5ca.css]
[cercle-genealogique.fr/wp-json/wp/v2/posts/2363.json]
[cercle-genealogique.fr/wp-json/oembed/1.0/embedb833.json]
[cercle-genealogique.fr/wp-json/oembed/1.0/embedfd6d]
[cercle-genealogique.fr/salon-de-genealogie-du-perigord-noir-dimanche-17-septembre-2023/index.html]
[cercle-genealogique.fr/wp-content/uploads/fusion-scripts/49dd66d81236a777e460e4d79c48b0e5.minb5ca.js]
[cercle-genealogique.fr/wp-json/wp/v2/posts/2360.json]
[cercle-genealogique.fr/forum-des-associations-paris-mairie-du-15eme/feed/index.html]
[cercle-genealogique.fr/wp-json/oembed/1.0/embed2618.json]
[cercle-genealogique.fr/wp-json/oembed/1.0/embedb513]
[cercle-genealogique.fr/forum-des-associations-paris-mairie-du-15eme/index.html]
[cercle-genealogique.fr/wp-content/uploads/fusion-scripts/4ba8b266e8923fb195411fd4eacc24dc.minb5ca.js]
[cercle-genealogique.fr/un-timbre-poste-pour-lanniversaire-de-la-creation-de-lecole-des-chartes/feed/index.html]
[cercle-genealogique.fr/wp-json/wp/v2/posts/2273.json]
[cercle-genealogique.fr/wp-json/oembed/1.0/embed537c.json]
[cercle-genealogique.fr/wp-content/uploads/2021/09/Bulletin-157-Lecole-des-Chartes-V1.pdf]
[cercle-genealogique.fr/wp-json/oembed/1.0/embed5d30]
[cercle-genealogique.fr/un-timbre-poste-pour-lanniversaire-de-la-creation-de-lecole-des-chartes/index.html]
[cercle-genealogique.fr/wp-json/wp/v2/pages/1720.json]
[cercle-genealogique.fr/wp-content/uploads/fusion-styles/5768cc075736106f09537f700d25190f.minb5ca.css]
[cercle-genealogique.fr/wp-json/oembed/1.0/embed7fc1.json]
[cercle-genealogique.fr/wp-content/uploads/fusion-scripts/4aa70b185c184a86ac870966775ab9b7.minb5ca.js]
[cercle-genealogique.fr/wp-json/oembed/1.0/embeda919]
[cercle-genealogique.fr/wp-content/uploads/2019/02/Bon-de-commande-Livre-postiers-morts-pour-la-France.pdf]
[cercle-genealogique.fr/actualites-du-cercle-genealogique/index.html]
[cercle-genealogique.fr/actualites-du-cercle-genealogique/page/2/index.html]
[cercle-genealogique.fr/wp-json/wp/v2/posts/2407.json]
[cercle-genealogique.fr/semaine-genealogie-2023-ffg-archives-militaires-2/feed/index.html]
[cercle-genealogique.fr/wp-json/oembed/1.0/embed19f6.json]
[cercle-genealogique.fr/wp-content/uploads/fusion-scripts/ddbb5a6212dce60f884ada46ad88c2f8.minb5ca.js]
[cercle-genealogique.fr/semaine-genealogie-2023-ffg-archives-militaires-2/index.html]
[cercle-genealogique.fr/wp-json/oembed/1.0/embed2fee]
[cercle-genealogique.fr/wp-json/wp/v2/posts/1967.json]
[cercle-genealogique.fr/semaine-genealogie-2023-ffg-archives-militaires/feed/index.html]
[cercle-genealogique.fr/wp-json/oembed/1.0/embed9415.json]
[cercle-genealogique.fr/wp-content/uploads/2023/09/semaine-genealogie-2023-FFG-300x165.jpg]
[cercle-genealogique.fr/wp-json/oembed/1.0/embed9672]
[cercle-genealogique.fr/semaine-genealogie-2023-ffg-archives-militaires/index.html]
[cercle-genealogique.fr/un-ouvrage-publie-au-quebec-par-nicole-mauger-les-vaugeois-frandeboeuf-de-la-bretagne-a-la-mauricie/feed/index.html]
[cercle-genealogique.fr/un-ouvrage-publie-au-quebec-par-nicole-mauger-les-vaugeois-frandeboeuf-de-la-bretagne-a-la-mauricie/index.html]
[cercle-genealogique.fr/wp-json/oembed/1.0/embed9eaf]
[cercle-genealogique.fr/wp-json/wp/v2/posts/1878.json]
[cercle-genealogique.fr/des-precisions-du-ministre-de-la-culture-et-de-la-communication-a-propos-du-site-de-fontainebleau-des-archives-nationales/feed/index.html]
[cercle-genealogique.fr/wp-json/oembed/1.0/embed72ba.json]
[cercle-genealogique.fr/wp-content/uploads/2017/01/logo-archives-nationales.png]
[cercle-genealogique.fr/des-precisions-du-ministre-de-la-culture-et-de-la-communication-a-propos-du-site-de-fontainebleau-des-archives-nationales/index.html]
[cercle-genealogique.fr/wp-json/oembed/1.0/embedcabb]
[cercle-genealogique.fr/wp-json/wp/v2/pages/1731.json]
[cercle-genealogique.fr/wp-json/oembed/1.0/embed5845.json]
[cercle-genealogique.fr/wp-json/oembed/1.0/embed278d]
[cercle-genealogique.fr/actualites-genealogie/index.html]
[cercle-genealogique.fr/http_/cercle-genealogique.fr/wp-content/uploads/2015/06/cercle-genealogique-img-actu-genealogie-1.html]
[cercle-genealogique.fr/_http_/cercle-genealogique.fr/wp-content/uploads/2015/06/cercle-genealogique-img-blocs-1.html]
[cercle-genealogique.fr/revue-nos-sources/index.html]
[cercle-genealogique.fr/_http_/cercle-genealogique.fr/wp-content/uploads/2015/06/cercle-genealogique-img-bureau-poste.html]
[cercle-genealogique.fr/wp-content/uploads/fusion-styles/564a7a5e199037beb055989fd7f93dbb.minb5ca.css]
[cercle-genealogique.fr/wp-json/oembed/1.0/embedaa7b.json]
[cercle-genealogique.fr/wp-json/oembed/1.0/embed11ac]
[cercle-genealogique.fr/wp-content/uploads/2016/10/cercle-genealogique-img-rechercher.jpg]
[cercle-genealogique.fr/wp-content/uploads/2015/05/cne-33-modif.jpg]
[cercle-genealogique.fr/wp-content/uploads/2015/05/CP-Telephone-Gabian-34.jpg]
[cercle-genealogique.fr/wp-content/uploads/2015/05/File1569.jpg]
[cercle-genealogique.fr/rechercher-un-bureau-de-poste/index.html]
[cercle-genealogique.fr/wp-json/wp/v2/pages/1909.json]
[cercle-genealogique.fr/wp-json/oembed/1.0/embed6969.json]
[cercle-genealogique.fr/wp-content/uploads/fusion-styles/34aa04fd028a80af910bc383e90faba3.minb5ca.css]
[cercle-genealogique.fr/wp-content/uploads/fusion-scripts/46c463d2a995fb1913b81ce683096d70.minb5ca.js]
[cercle-genealogique.fr/wp-json/oembed/1.0/embed9c7f]
[cercle-genealogique.fr/mentions-legales/index.html]
[cercle-genealogique.fr/wp-json/wp/v2/pages/1896.json]
[cercle-genealogique.fr/wp-content/uploads/fusion-scripts/564e27eecca15f2e666f7d9f44408401.minb5ca.js]
[cercle-genealogique.fr/wp-json/oembed/1.0/embed2ca0.json]
[cercle-genealogique.fr/plan-de-site/index.html]
[cercle-genealogique.fr/wp-json/oembed/1.0/embed939d]
[cercle-genealogique.fr/wp-includes/css/dist/block-library/style.min84fc.css]
[cercle-genealogique.fr/wp-admin/admin-ajax.html]
[cercle-genealogique.fr/wp-content/themes/Avada/includes/lib/assets/fonts/icomoon/awb-icons.svg]
[cercle-genealogique.fr/label-centenaire-14-18-etude-nationale-postiers-disparus-pendant-premiere-guerre-mondiale-1914-1918-2/index.html]
[cercle-genealogique.fr/wp-content/uploads/fusion-styles/e7bba2d6527c538ba50bae186341793b.minb5ca.css]
[cercle-genealogique.fr/index64b4.html]
[cercle-genealogique.fr/index8cef.html]
[cercle-genealogique.fr/wp-content/uploads/fusion-styles/8868e179fe73d5defb5aae632b1df0f5.minb5ca.css]
[cercle-genealogique.fr/index1a9a.html]
[cercle-genealogique.fr/indexaaaf.html]
[cercle-genealogique.fr/index0af7.html]
[cercle-genealogique.fr/index2756.html]
[cercle-genealogique.fr/indexa7b3.html]
[cercle-genealogique.fr/indexff34.html]
[cercle-genealogique.fr/wp-content/uploads/fusion-styles/af01ffe6f2f3e1245b3f7dc3ff54fb94.minb5ca.css]
[cercle-genealogique.fr/index9e5e.html]
[cercle-genealogique.fr/index622b.html]
[cercle-genealogique.fr/index39a7.html]
[cercle-genealogique.fr/indexf411.html]
[cercle-genealogique.fr/wp-content/uploads/fusion-styles/1e48a6cd6ebe817ae807236e28370f0c.minb5ca.css]
[cercle-genealogique.fr/indexd171.html]
[cercle-genealogique.fr/index8b3e.html]
[cercle-genealogique.fr/revue-nos-sources-2/http_/cercle-genealogique.fr/wp-content/uploads/2015/05/couverture-bulletin-nos-sourcces-1.html]
[cercle-genealogique.fr/wp-content/uploads/2024/02/Mes_recherches_en_GUADELOUPE.pdf]
[cercle-genealogique.fr/wp-content/uploads/2024/02/livre-telephone-vienne.doc]
[cercle-genealogique.fr/wp-content/uploads/fusion-styles/74acd1588c113bb1dc1e0e2e38f751f7.minb5ca.css]
[cercle-genealogique.fr/index42a9.html]
[cercle-genealogique.fr/indexcb1b.html]
[cercle-genealogique.fr/wp-content/uploads/2015/08/Fotolia_50721139_Subscription_Monthly_M.jpg]
[cercle-genealogique.fr/wp-content/uploads/2015/08/Fotolia_112753610_Subscription_Monthly_M.jpg]
[cercle-genealogique.fr/wp-content/uploads/2015/08/Fotolia_111761598_Subscription_Monthly_M.jpg]
[cercle-genealogique.fr/wp-content/uploads/fusion-scripts/977ae0bad36917c1ce79c1d574e215e5.minb5ca.js]
[cercle-genealogique.fr/indexcd53.html]
[cercle-genealogique.fr/index49f0.html]
[cercle-genealogique.fr/index0f55.html]
[cercle-genealogique.fr/index96fb.html]
[cercle-genealogique.fr/wp-content/uploads/2024/02/un-ferblantier-de-yonne-a-concarneau-1.pdf]
[cercle-genealogique.fr/genealogies-et-chroniques/chroniques-familiales/feed/index.html]
[cercle-genealogique.fr/wp-content/uploads/2024/02/chronique-auto-famille-garnier-1936.pdf]
[cercle-genealogique.fr/genealogies-et-chroniques/genealogies/feed/index.html]
[cercle-genealogique.fr/indexfeb6.html]
[cercle-genealogique.fr/indexa831.html]
[cercle-genealogique.fr/index4d02.html]
[cercle-genealogique.fr/index1390.html]
[cercle-genealogique.fr/indexae71.html]
[cercle-genealogique.fr/indexf03c.html]
[cercle-genealogique.fr/wp-content/uploads/2016/10/couv_lesdebutsdutelephone.jpg]
[cercle-genealogique.fr/wp-content/uploads/fusion-scripts/c6df92631ac898a9b6b14cb07dd515d9.minb5ca.js]
[cercle-genealogique.fr/wp-content/uploads/fusion-styles/97e072e5430030ff01c9d1857d308594.minb5ca.css]
[cercle-genealogique.fr/index692b.html]
[cercle-genealogique.fr/indexdabb.html]
[cercle-genealogique.fr/index7336.html]
[cercle-genealogique.fr/contact/_http_/cercle-genealogique.fr/wp-content/uploads/2015/06/cercle-genealogique-img-blocs-1.html]
[cercle-genealogique.fr/wp-content/uploads/fusion-styles/49bcd6f67a9d938668bd267cab0ac653.minb5ca.css]
[cercle-genealogique.fr/wp-content/uploads/fusion-styles/c9993cfdbcd7c9fac1fe71156c5f0a2a.minb5ca.css]
[cercle-genealogique.fr/wp-json/wp/v2/users/1.json]
[cercle-genealogique.fr/indexdb07.html]
[cercle-genealogique.fr/les-reunions-du-cgptt-en-province-et-a-paris/feed/index.html]
[cercle-genealogique.fr/wp-json/wp/v2/posts/1871.json]
[cercle-genealogique.fr/wp-json/oembed/1.0/embed8b79.json]
[cercle-genealogique.fr/les-reunions-du-cgptt-en-province-et-a-paris/index.html]
[cercle-genealogique.fr/wp-json/oembed/1.0/embedb034]
[cercle-genealogique.fr/wp-json/wp/v2/posts/1717.json]
[cercle-genealogique.fr/xxive-salon-et-congres-national-de-genealogie-le-havre-2017-8-9-et-10-septembre-2017/feed/index.html]
[cercle-genealogique.fr/wp-json/oembed/1.0/embed2ccc.json]
[cercle-genealogique.fr/wp-json/oembed/1.0/embed4072]
[cercle-genealogique.fr/xxive-salon-et-congres-national-de-genealogie-le-havre-2017-8-9-et-10-septembre-2017/index.html]
[cercle-genealogique.fr/wp-json/wp/v2/posts/1714.json]
[cercle-genealogique.fr/la-grande-collecte-afrique-france-xixe-et-xxe/feed/index.html]
[cercle-genealogique.fr/wp-json/oembed/1.0/embedda2b.json]
[cercle-genealogique.fr/la-grande-collecte-afrique-france-xixe-et-xxe/index.html]
[cercle-genealogique.fr/wp-content/uploads/fusion-styles/95621962403bc8e8222128f2c56ac383.minb5ca.css]
[cercle-genealogique.fr/indexf981.html]
[cercle-genealogique.fr/indexe3e0.html]
[cercle-genealogique.fr/wp-json/wp/v2/categories/2.json]
[cercle-genealogique.fr/category/actualites-cercle/index.html]
[cercle-genealogique.fr/category/actualites-cercle/feed/index.html]
[cercle-genealogique.fr/category/actualites-genealogie/feed/index.html]
[cercle-genealogique.fr/wp-json/wp/v2/categories/3.json]
[cercle-genealogique.fr/category/actualites-genealogie/index.html]
[cercle-genealogique.fr/wp-content/uploads/fusion-styles/0ede4248c04790b80a1f99780e9134e7.minb5ca.css]
[cercle-genealogique.fr/wp-content/uploads/fusion-scripts/d4083c8daf12789c82da96f0bf1a3feb.minb5ca.js]
[cercle-genealogique.fr/category/archives/feed/index.html]
[cercle-genealogique.fr/wp-json/wp/v2/categories/33.json]
[cercle-genealogique.fr/category/archives/index.html]
[cercle-genealogique.fr/category/non-classe/index.html]
[cercle-genealogique.fr/2024/01/index.html]
[cercle-genealogique.fr/2023/09/index.html]
[cercle-genealogique.fr/2021/09/index.html]
[cercle-genealogique.fr/2020/09/index.html]
[cercle-genealogique.fr/2020/03/index.html]
[cercle-genealogique.fr/2020/02/index.html]
[cercle-genealogique.fr/2019/01/index.html]
[cercle-genealogique.fr/2018/02/index.html]
[cercle-genealogique.fr/2017/01/index.html]
[cercle-genealogique.fr/2016/10/index.html]
[cercle-genealogique.fr/wp-includes/css/dashicons.min84fc.css]
[cercle-genealogique.fr/category/non-classe/feed/index.html]
[cercle-genealogique.fr/wp-includes/css/buttons.min84fc.css]
[cercle-genealogique.fr/wp-admin/css/forms.min84fc.css]
[cercle-genealogique.fr/wp-admin/css/l10n.min84fc.css]
[cercle-genealogique.fr/wp-admin/css/login.min84fc.css]
[cercle-genealogique.fr/wp-loginc2b6.html]
[cercle-genealogique.fr/wp-includes/js/zxcvbn-async.min5152.js]
[cercle-genealogique.fr/wp-includes/js/dist/hooks.min2ebd.js]
[cercle-genealogique.fr/wp-includes/js/dist/i18n.minf92f.js]
[cercle-genealogique.fr/wp-admin/js/password-strength-meter.min84fc.js]
[cercle-genealogique.fr/wp-includes/js/underscore.mind584.js]
[cercle-genealogique.fr/wp-includes/js/wp-util.min84fc.js]
[cercle-genealogique.fr/wp-login.html]
[cercle-genealogique.fr/wp-admin/js/user-profile.min84fc.js]
[cercle-genealogique.fr/author/michel_bablot/page/2/index.html]
[cercle-genealogique.fr/wp-json/wp/v2/users/3.json]
[cercle-genealogique.fr/index5411.html]
[cercle-genealogique.fr/livre-les-postiers-morts-pour-la-france-pendant-le-guerre-1914-1918/feed/index.html]
[cercle-genealogique.fr/wp-json/wp/v2/posts/2137.json]
[cercle-genealogique.fr/wp-json/oembed/1.0/embedb548.json]
[cercle-genealogique.fr/wp-json/oembed/1.0/embed113f]
[cercle-genealogique.fr/livre-les-postiers-morts-pour-la-france-pendant-le-guerre-1914-1918/index.html]
[cercle-genealogique.fr/wp-json/wp/v2/posts/2215.json]
[cercle-genealogique.fr/le-cercle-genealogique-ptt-participe-au-salon-virtuel-de-genealogie-geneaevent/feed/index.html]
[cercle-genealogique.fr/wp-content/uploads/fusion-scripts/76a9f43e779983dd74273a93b191cfd1.minb5ca.js]
[cercle-genealogique.fr/wp-json/oembed/1.0/embedfb13.json]
[cercle-genealogique.fr/wp-content/uploads/2020/09/image-salon-virtuel-300x101.jpg]
[cercle-genealogique.fr/wp-json/oembed/1.0/embedf73e]
[cercle-genealogique.fr/le-cercle-genealogique-ptt-participe-au-salon-virtuel-de-genealogie-geneaevent/index.html]
[cercle-genealogique.fr/index8b36.html]
[cercle-genealogique.fr/index343d.html]
[cercle-genealogique.fr/wp-content/uploads/fusion-styles/0cd8ec3b4a0335cb925d4fcdaef3b2d2.minb5ca.css]
[cercle-genealogique.fr/indexc200.html]
[cercle-genealogique.fr/index563a.html]
[cercle-genealogique.fr/index9252.html]
[cercle-genealogique.fr/indexf17d.html]
[cercle-genealogique.fr/index7fac.html]
[cercle-genealogique.fr/indexde15.html]
[cercle-genealogique.fr/wp-content/uploads/fusion-styles/5768cc075736106f09537f700d25190f.minb5ca.css]
[cercle-genealogique.fr/indexcda3.html]
[cercle-genealogique.fr/index5244.html]
[cercle-genealogique.fr/actualites-du-cercle-genealogique/page/2/index.html]
[cercle-genealogique.fr/index2807.html]
[cercle-genealogique.fr/indexa4af.html]
[cercle-genealogique.fr/index2020.html]
[cercle-genealogique.fr/index9654.html]
[cercle-genealogique.fr/index4775.html]
[cercle-genealogique.fr/index57bc.html]
[cercle-genealogique.fr/index4332.html]
[cercle-genealogique.fr/index10fd.html]
[cercle-genealogique.fr/wp-content/uploads/fusion-styles/564a7a5e199037beb055989fd7f93dbb.minb5ca.css]
[cercle-genealogique.fr/index31bd.html]
[cercle-genealogique.fr/indexcc0d.html]
[test.volcanographics.com/wp-content/uploads/2016/10/GrandeCollecte2016_affiche_640715-225x300.html]
[cercle-genealogique.fr/wp-json/wp/v2/posts/2221]
[cercle-genealogique.fr/wp-json/oembed/1.0/embed25f9]
[cercle-genealogique.fr/rechercher-un-bureau-de-poste/feed/index.html]
[cercle-genealogique.fr/index0e62.html]
[cercle-genealogique.fr/index4593.html]
[cercle-genealogique.fr/wp-json/wp/v2/pages/16]
[cercle-genealogique.fr/wp-content/uploads/fusion-styles/34aa04fd028a80af910bc383e90faba3.minb5ca.css]
[cercle-genealogique.fr/indexc065.html]
[cercle-genealogique.fr/indexbfe0.html]
[cercle-genealogique.fr/index8c3c.html]
[cercle-genealogique.fr/indexd7c7.html]
[cercle-genealogique.fr/wp-json/wp/v2/posts/2070.json]
[cercle-genealogique.fr/label-centenaire-14-18-etude-nationale-postiers-disparus-pendant-premiere-guerre-mondiale-1914-1918-2/feed/index.html]
[cercle-genealogique.fr/wp-json/oembed/1.0/embed7507.json]
[cercle-genealogique.fr/wp-json/oembed/1.0/embed3569]
[cercle-genealogique.fr/label-centenaire-14-18-etude-nationale-postiers-disparus-pendant-premiere-guerre-mondiale-1914-1918-2/index.html]
[cercle-genealogique.fr/element_category/elements/index.html]
[test.volcanographics.com/wp-content/uploads/2016/08/cercle-genealogique-bg-03.html]
[test.volcanographics.com/wp-content/uploads/2016/10/cercle-genealogique-bg-05-1.html]
[cercle-genealogique.fr/wp-content/uploads/2024/02/Mes_recherches_en_GUADELOUPE.pdf]
[cercle-genealogique.fr/wp-content/uploads/2024/02/livre-telephone-vienne.doc]
[cercle-genealogique.fr/wp-content/uploads/fusion-styles/ebc40ac5d0d2aa16eca8deafbe0b1880.minb5ca.css]
[test.volcanographics.com/wp-content/uploads/2016/10/cercle-genealogique-img-08.html]
[cercle-genealogique.fr/wp-content/uploads/2015/08/Fotolia_112753610_Subscription_Monthly_M.jpg]
[test.volcanographics.com/wp-content/uploads/2016/10/cercle-genealogique-bg-04.html]
[cercle-genealogique.fr/index93f8.html]
[cercle-genealogique.fr/wp-content/uploads/fusion-styles/49bcd6f67a9d938668bd267cab0ac653.minb5ca.css]
[cercle-genealogique.fr/index48f6.html]
[cercle-genealogique.fr/index19ed.html]
[cercle-genealogique.fr/index6713.html]
[cercle-genealogique.fr/indexac17.html]
[test.volcanographics.com/wp-content/uploads/2016/10/Le-Havre-212x300.html]
[cercle-genealogique.fr/index26b1.html]
[cercle-genealogique.fr/wp-json/wp/v2/posts/1714.json]
[cercle-genealogique.fr/wp-json/oembed/1.0/embed2a83]
[cercle-genealogique.fr/index2a69.html]
[cercle-genealogique.fr/index54f7.html]
[cercle-genealogique.fr/index0187.html]
[cercle-genealogique.fr/wp-content/uploads/fusion-styles/0ede4248c04790b80a1f99780e9134e7.minb5ca.css]
[cercle-genealogique.fr/index0d01.html]
[cercle-genealogique.fr/indexb486.html]
[cercle-genealogique.fr/wp-json/wp/v2/categories/1]
[cercle-genealogique.fr/index6891.html]
[cercle-genealogique.fr/index7ef8.html]
[cercle-genealogique.fr/indexb459.html]
[cercle-genealogique.fr/index2c0d.html]
[cercle-genealogique.fr/index78f9.html]
[cercle-genealogique.fr/index2ffe.html]
[cercle-genealogique.fr/index9eb2.html]
[cercle-genealogique.fr/indexb28f.html]
[cercle-genealogique.fr/wp-content/uploads/fusion-scripts/81c54f2cc57c01b7377a643d1663c695.minb5ca.js]
[cercle-genealogique.fr/wp-includes/fonts/dashicons7d4b.eot]
[cercle-genealogique.fr/wp-includes/css/dashicons.min84fc.css]
[cercle-genealogique.fr/wp-includes/css/buttons.min84fc.css]
[cercle-genealogique.fr/wp-includes/fonts/dashicons7d4b.ttf]
[cercle-genealogique.fr/wp-content/uploads/fusion-scripts/cf1b8dc124c1cb2907c9b91d0f359b4d.minb5ca.js]
[cercle-genealogique.fr/wp-admin/images/loading.gif]
[cercle-genealogique.fr/wp-admin/css/forms.min84fc.css]
[cercle-genealogique.fr/wp-admin/css/l10n.min84fc.css]
[cercle-genealogique.fr/wp-admin/images/w-logo-blue7a53.png]
[cercle-genealogique.fr/wp-admin/css/login.min84fc.css]
[cercle-genealogique.fr/index86f8.html]
[cercle-genealogique.fr/wp-loginc2b6.html]
[cercle-genealogique.fr/indexa477.html]
[cercle-genealogique.fr/indexda19.html]
[cercle-genealogique.fr/indexfb4d.html]
[cercle-genealogique.fr/index6e0f.html]
[test.volcanographics.com/wp-content/uploads/2015/06/cercle-genealogique-img-00.html]
[test.volcanographics.com/wp-content/uploads/2015/06/cercle-genealogique-img-actu-cercle.html]
[test.volcanographics.com/wp-content/uploads/2015/06/cercle-genealogique-img-actu-genealogie-1.html]
[cercle-genealogique.fr/wp-content/uploads/fusion-styles/ebc40ac5d0d2aa16eca8deafbe0b1880.minb5ca.css]
[cercle-genealogique.fr/index4bb6.html]
[cercle-genealogique.fr/index6337.html]
[test.volcanographics.com/wp-content/uploads/2016/08/cercle-genealogique-bg-02.html]
[cercle-genealogique.fr/index236c.html]
[cercle-genealogique.fr/indexf3cb.html]
[cercle-genealogique.fr/wp-admin/images/wordpress-logo7d6b.svg]
[cercle-genealogique.fr/index5794.html]
[cercle-genealogique.fr/wp-content/uploads/fusion-scripts/70087ae4b372182bf8f733626d68bc60.minb5ca.js]
[test.volcanographics.com/wp-content/uploads/2016/10/cercle-genealogique-img-06.html]
